../Core/Src/main.c:77:7:read_sensor_values	32	static
../Core/Src/main.c:95:6:send_task1	8	static
../Core/Src/main.c:102:6:send_task_1	8	static
../Core/Src/main.c:108:6:send_task2	8	static
../Core/Src/main.c:115:6:send_uart2	8	static
../Core/Src/main.c:137:5:main	72	static
../Core/Src/main.c:226:6:SystemClock_Config	88	static
../Core/Src/main.c:268:13:MX_I2C1_Init	8	static
../Core/Src/main.c:302:13:MX_USART1_UART_Init	8	static
../Core/Src/main.c:335:13:MX_USART2_UART_Init	8	static
../Core/Src/main.c:368:13:MX_GPIO_Init	40	static
../Core/Src/main.c:430:6:StartTask1	16	static
../Core/Src/main.c:445:6:StartTask2	16	static
../Core/Src/main.c:464:6:WE10_Init	144	static
../Core/Src/main.c:512:6:MQTT_Init	136	static
../Core/Src/main.c:564:7:mqtt_data_send	64	static
../Core/Src/main.c:594:6:HAL_TIM_PeriodElapsedCallback	16	static
../Core/Src/main.c:611:6:Error_Handler	4	static,ignoring_inline_asm
