../Core/Src/main.c:81:7:read_sensor_values	32	static
../Core/Src/main.c:107:6:send_task1	8	static
../Core/Src/main.c:115:6:send_task2	8	static
../Core/Src/main.c:122:6:send_task3	8	static
../Core/Src/main.c:138:6:send_task_1	8	static
../Core/Src/main.c:155:5:main	72	static
../Core/Src/main.c:244:6:SystemClock_Config	88	static
../Core/Src/main.c:286:13:MX_I2C1_Init	8	static
../Core/Src/main.c:320:13:MX_USART1_UART_Init	8	static
../Core/Src/main.c:353:13:MX_USART2_UART_Init	8	static
../Core/Src/main.c:386:13:MX_GPIO_Init	40	static
../Core/Src/main.c:410:6:WE10_Init	144	static
../Core/Src/main.c:459:6:MQTT_Init	136	static
../Core/Src/main.c:511:7:mqtt_data_send	64	static
../Core/Src/main.c:585:6:StartTask1	16	static
../Core/Src/main.c:607:6:StartTask2	16	static
../Core/Src/main.c:624:6:StartTask3	16	static
../Core/Src/main.c:647:6:HAL_TIM_PeriodElapsedCallback	16	static
../Core/Src/main.c:664:6:Error_Handler	4	static,ignoring_inline_asm
