../Core/Src/main.c:76:6:send_task1	8	static
../Core/Src/main.c:83:6:send_task_1	8	static
../Core/Src/main.c:89:6:send_task2	8	static
../Core/Src/main.c:96:6:send_task3	8	static
../Core/Src/main.c:110:5:main	104	static
../Core/Src/main.c:211:6:SystemClock_Config	88	static
../Core/Src/main.c:253:13:MX_I2C1_Init	8	static
../Core/Src/main.c:287:13:MX_USART1_UART_Init	8	static
../Core/Src/main.c:320:13:MX_USART2_UART_Init	8	static
../Core/Src/main.c:353:13:MX_GPIO_Init	40	static
../Core/Src/main.c:398:6:StartTask1	16	static
../Core/Src/main.c:411:6:StartTask2	16	static
../Core/Src/main.c:423:6:StartTask3	16	static
../Core/Src/main.c:443:6:HAL_TIM_PeriodElapsedCallback	16	static
../Core/Src/main.c:460:6:Error_Handler	4	static,ignoring_inline_asm
