../Core/Src/main.c:111:6:read_sensor_values	40	static
../Core/Src/main.c:127:5:main	24	static
../Core/Src/main.c:191:6:SystemClock_Config	88	static
../Core/Src/main.c:233:13:MX_I2C1_Init	8	static
../Core/Src/main.c:267:13:MX_USART1_UART_Init	8	static
../Core/Src/main.c:300:13:MX_USART2_UART_Init	8	static
../Core/Src/main.c:333:13:MX_GPIO_Init	40	static
../Core/Src/main.c:724:6:Sender_Task	64	static
../Core/Src/main.c:760:6:Receiver_Task	176	static
../Core/Src/main.c:800:6:WE10_Init	144	static
../Core/Src/main.c:849:6:MQTT_Init	136	static
../Core/Src/main.c:901:7:mqtt_data_send	64	static
../Core/Src/main.c:913:6:HAL_UART_RxCpltCallback	24	static,ignoring_inline_asm
../Core/Src/main.c:941:6:HAL_TIM_PeriodElapsedCallback	16	static
../Core/Src/main.c:958:6:Error_Handler	4	static,ignoring_inline_asm
