17:42:23 **** Incremental Build of configuration Debug for project AHT25_FREERTOS_1 ****
make -j8 all 
arm-none-eabi-gcc "../Core/Src/main.c" -mcpu=cortex-m4 -std=gnu11 -g3 -DDEBUG -DUSE_HAL_DRIVER -DSTM32F411xE -c -I../Core/Inc -I../Drivers/STM32F4xx_HAL_Driver/Inc -I../Drivers/STM32F4xx_HAL_Driver/Inc/Legacy -I../Drivers/CMSIS/Device/ST/STM32F4xx/Include -I../Drivers/CMSIS/Include -I../Middlewares/Third_Party/FreeRTOS/Source/include -I../Middlewares/Third_Party/FreeRTOS/Source/CMSIS_RTOS -I../Middlewares/Third_Party/FreeRTOS/Source/portable/GCC/ARM_CM4F -O0 -ffunction-sections -fdata-sections -Wall -fstack-usage -fcyclomatic-complexity -MMD -MP -MF"Core/Src/main.d" -MT"Core/Src/main.o" --specs=nano.specs -mfpu=fpv4-sp-d16 -mfloat-abi=hard -mthumb -o "Core/Src/main.o"
arm-none-eabi-gcc -o "AHT25_FREERTOS_1.elf" @"objects.list"   -mcpu=cortex-m4 -T"/home/dinesh/STM32CubeIDE/workspace_1.12.1/AHT25_FREERTOS_1/STM32F411RETX_FLASH.ld" --specs=nosys.specs -Wl,-Map="AHT25_FREERTOS_1.map" -Wl,--gc-sections -static --specs=nano.specs -mfpu=fpv4-sp-d16 -mfloat-abi=hard -mthumb -u _printf_float -Wl,--start-group -lc -lm -Wl,--end-group
Finished building target: AHT25_FREERTOS_1.elf
 
arm-none-eabi-size   AHT25_FREERTOS_1.elf 
arm-none-eabi-objdump -h -S  AHT25_FREERTOS_1.elf  > "AHT25_FREERTOS_1.list"
   text	   data	    bss	    dec	    hex	filename
  37652	    488	  18416	  56556	   dcec	AHT25_FREERTOS_1.elf
Finished building: default.size.stdout
 
Finished building: AHT25_FREERTOS_1.list
 

17:42:24 Build Finished. 0 errors, 0 warnings. (took 1s.222ms)

