17:37:16 **** Build of configuration Debug for project AHT25_I2C_Hal ****
make -j8 all 
arm-none-eabi-gcc "../Core/Src/main.c" -mcpu=cortex-m4 -std=gnu11 -g3 -DDEBUG -DUSE_HAL_DRIVER -DSTM32F411xE -c -I../Core/Inc -I../Drivers/STM32F4xx_HAL_Driver/Inc -I../Drivers/STM32F4xx_HAL_Driver/Inc/Legacy -I../Drivers/CMSIS/Device/ST/STM32F4xx/Include -I../Drivers/CMSIS/Include -O0 -ffunction-sections -fdata-sections -Wall -fstack-usage -fcyclomatic-complexity -MMD -MP -MF"Core/Src/main.d" -MT"Core/Src/main.o" --specs=nano.specs -mfpu=fpv4-sp-d16 -mfloat-abi=hard -mthumb -o "Core/Src/main.o"
arm-none-eabi-gcc -o "AHT25_I2C_Hal.elf" @"objects.list"   -mcpu=cortex-m4 -T"/home/dinesh/Documents/Documents/Project_Testing/AHT25_usart_Hal/AHT25_I2C_Hal/STM32F411RETX_FLASH.ld" --specs=nosys.specs -Wl,-Map="AHT25_I2C_Hal.map" -Wl,--gc-sections -static --specs=nano.specs -mfpu=fpv4-sp-d16 -mfloat-abi=hard -mthumb -u _printf_float -u _scanf_float -Wl,--start-group -lc -lm -Wl,--end-group
Finished building target: AHT25_I2C_Hal.elf
 
arm-none-eabi-size   AHT25_I2C_Hal.elf 
arm-none-eabi-objdump -h -S  AHT25_I2C_Hal.elf  > "AHT25_I2C_Hal.list"
   text	   data	    bss	    dec	    hex	filename
  43260	    496	   1936	  45692	   b27c	AHT25_I2C_Hal.elf
Finished building: default.size.stdout
 
Finished building: AHT25_I2C_Hal.list
 

17:37:17 Build Finished. 0 errors, 0 warnings. (took 1s.132ms)

